// Jest Snapshot v1, https://goo.gl/fbAQLP

exports[`Login Component rendering and handler testing 1`] = `"<div class=\\"home-app\\"><h2 class=\\"welcome-element\\">Welcome to login component</h2><div class=\\"fields-section\\"><div class=\\"field-container\\"><div class=\\"field-label\\">Username</div><div class=\\"field-editor\\"><input type=\\"text\\" value=\\"Luke\\"></div></div><div class=\\"field-container\\"><div class=\\"field-label\\">Password</div><div class=\\"field-editor\\"><input type=\\"password\\" value=\\"abcd\\"></div></div></div><div class=\\"info-section\\"><div class=\\"info-item\\"><span>Username and password are case sensitive</span></div><div class=\\"info-item\\"><span>For testing: use Luke Skywalker and 19BBY</span></div><div class=\\"info-item\\"><span>For limited calls testing: use C-3PO and 112BBY</span></div></div><div class=\\"actions-section\\"><div class=\\"action-button\\">Login</div></div></div>"`;
